Composite Document File V2 Document, Little Endian, Os: Windows, Version 5.1, Microsoft Installer, Code page: 1252, Title: Installation Database, Subject: Acme's Foobar 1.0 Installer, Author: file-test creator, Keywords: Installer, Comments: created following http://wix.tramontana.co.hu/tutorial, Template: Intel;1033, Revision Number: {F6B1C691-4136-4489-AD6A-DFE142735E4B}, Create Time/Date: Mon Mar 24 11:00:28 2014, Last Saved Time/Date: Mon Mar 24 11:00:28 2014, Number of Pages: 100, Number of Words: 2, Name of Creating Application: Windows Installer XML Toolset (3.8.1128.0), Security: 2
